// Jest Snapshot v1, https://goo.gl/fbAQLP

exports[`Button component rendering tests should match snapshot 1`] = `
.emotion-0 {
  cursor: pointer;
  min-width: 160px;
  max-height: 48px;
  font-size: 16px;
  color: #333;
  box-shadow: #00000029 0px 2px 2px 0px;
  border-radius: 24px;
  border: none;
  padding: 15px;
  font-weight: 600;
  text-transform: uppercase;
  background-color: #ffcc00;
}

.emotion-0:hover {
  box-shadow: #00000033 0 3px 8px 0;
}

.emotion-0:disabled {
  border: 1px solid #ccc;
  background-color: #f5f5f5;
  color: #ccc;
  cursor: not-allowed;
}

.emotion-0:disabled:hover {
  box-shadow: #00000029 0px 2px 2px 0px;
}

<body>
  <div>
    <button
      class="emotion-0"
      data-testid="button-testid"
      id="robin-button-id"
      type="submit"
    >
      Robin
    </button>
  </div>
</body>
`;
